   Compiling poweroff180 v0.8.2 (V:\src\xplane\crates\poweroff180)
note: did not finalize incremental compilation session directory `\\?\V:\src\xplane\target\debug\incremental\xplane_hud-3gnfw4wsw6oks\s-hm7ghl12e4-01qp27k-working`: Access is denied. (os error 5)
  |
  = help: the next build will not be able to reuse work from this compilation

note: did not finalize incremental compilation session directory `\\?\V:\src\xplane\target\debug\incremental\xplane_airports-39rskplc54wkn\s-hm7ghl19if-08kfye9-working`: Access is denied. (os error 5)
  |
  = help: the next build will not be able to reuse work from this compilation

note: did not finalize incremental compilation session directory `\\?\V:\src\xplane\target\debug\incremental\xplane_plugin-1ajag7ccdjmub\s-hm7ghl1ge6-07m6oa7-working`: Access is denied. (os error 5)
  |
  = help: the next build will not be able to reuse work from this compilation

note: did not finalize incremental compilation session directory `\\?\V:\src\xplane\target\debug\incremental\xplane_attitude-0t3vtcakjehqn\s-hm7ghl1n7h-16scuuv-working`: Access is denied. (os error 5)
  |
  = help: the next build will not be able to reuse work from this compilation

note: did not finalize incremental compilation session directory `\\?\V:\src\xplane\target\debug\incremental\shuttle_hud-0bebm8x1r3ikp\s-hm7ghlabf1-1hfztne-working`: Access is denied. (os error 5)
  |
  = help: the next build will not be able to reuse work from this compilation

note: did not finalize incremental compilation session directory `\\?\V:\src\xplane\target\debug\incremental\poweroff180_attitude-1obolet4i4ba8\s-hm7ghl9crd-1x18syq-working`: Access is denied. (os error 5)
  |
  = help: the next build will not be able to reuse work from this compilation

note: did not finalize incremental compilation session directory `\\?\V:\src\xplane\target\debug\incremental\poweroff180-28afkcm363rhi\s-hm7hu500cj-1dqaprw-working`: Access is denied. (os error 5)
  |
  = help: the next build will not be able to reuse work from this compilation

    Checking poweroff180-hud v0.5.0 (V:\src\xplane\plugins\poweroff180-hud)
    Checking poweroff180-controller v0.8.2 (V:\src\xplane\plugins\poweroff180-controller)
note: did not finalize incremental compilation session directory `\\?\V:\src\xplane\target\debug\incremental\poweroff180_controller-1c1z6n1ulzsau\s-hm7hu58u97-1tx9h40-working`: Access is denied. (os error 5)
  |
  = help: the next build will not be able to reuse work from this compilation

note: did not finalize incremental compilation session directory `\\?\V:\src\xplane\target\debug\incremental\poweroff180_hud-2notyf25nhv2p\s-hm7hu5890l-0qrqxu6-working`: Access is denied. (os error 5)
  |
  = help: the next build will not be able to reuse work from this compilation

    Finished `dev` profile [unoptimized + debuginfo] target(s) in 1.39s
