PositionAircraftNative: loaded 31258 airports / 37869 runways in 1.3s
PositionAircraftNative: 0.4.1 loaded (native XPLM window, egui interface)
xgs-rs: startup 3.46.1 (compatible with xgs 3.46)
xgs-rs: loaded 37869 runways in 1.5s
xgs-rs: loaded rating configuration D:\X-Plane 12/Resources/plugins/XgsRust\std_xgs_rating.cfg
xgs-rs: aircraft loaded:  N284WC
xgs-rs: enabled
xgs-rs: loaded rating configuration D:\X-Plane 12/Resources/plugins/XgsRust\std_xgs_rating.cfg
xgs-rs: aircraft loaded:  0V103
[ShuttleHUD]: v144 Rust registered; native optics, shared guidance and staged drag chute. No position or force overrides.
PositionAircraftNative: initialized aircraft position on first flight frame
[ShuttleHUD]: KEDW-22L touchdown-zone datum 696.099 m MSL
[ShuttleHUD]: KEDW-22L touchdown-zone datum 696.099 m MSL
[ShuttleHUD]: KEDW-22L touchdown-zone datum 696.099 m MSL
[ShuttleHUD]: KEDW-22L touchdown-zone datum 696.099 m MSL
xgs-rs: disabled
PositionAircraftNative: unloaded
xgs-rs: stopped
[ShuttleHUD]: cleanup complete; native panel callback released.
[ShuttleHUD]: clean stop; presentation settings restored.
