0:00:00.000 I/FMOD: Initial Sample rate: 48000 speaker mode: 3 (2 speakers)
[XPT Rust attitude]: v1.9.1; Rust implementation loaded inert (75 ms timing limit)
[XPT Rust]: guidance algorithm v8, runtime 0.8.3, protocol v1 loaded inert; attitude and predictive flare guards enabled
[XPT Rust HUD]: native HUD v5 Rust implementation loaded
0:00:00.000 I/FMOD: Master bank Aircraft/X-Aviation/TorqueSim SR20/fmod/ Sample rate: 48000 speaker mode: 3 (2 speakers)
0:00:00.000 I/WIN: Showing subscreen Main Menu
0:00:00.000 I/WIN: Showing subscreen Freeflight
0:00:00.000 I/WIN: Opened window Primary V11 UI
0:00:00.000 I/WIN: Showing subscreen Main Menu
0:00:00.000 I/WIN: Showing subscreen Freeflight
0:00:00.000 I/WIN: Opened window Primary V11 UI
0:00:26.222 I/WIN: Opened window menu bar
0:00:26.222 W/RLP: Runloop is backed up. Current task count: 294, estimated runtime: 7709.354s
0:00:26.222 W/RLP: Runloop is backed up. Current task count: 614, estimated runtime: 16100.488s
0:00:26.222 W/RLP: Runloop is backed up. Current task count: 623, estimated runtime: 16336.489s
0:00:26.222 W/RLP: Runloop is backed up. Current task count: 631, estimated runtime: 16546.268s
0:00:26.222 W/RLP: Runloop is backed up. Current task count: 639, estimated runtime: 16756.045s
0:00:26.222 W/RLP: Runloop is backed up. Current task count: 762, estimated runtime: 19981.389s
0:00:40.373 I/WIN: Opened window Primary V11 UI
--=={This application has crashed!}==--
--=={ Location undetermined }==--
